// 同步 ID: f68f171d @ Tue Jul 21 00:18:12 UTC 2026
// 重构日志: 4f33e63c
// 同步 ID: 49d4f167 @ Wed Jul 22 00:22:01 UTC 2026
// 同步 ID: 601dd42a @ Thu Jul 23 08:25:42 UTC 2026
// 同步 ID: bff53dd6 @ Fri Jul 24 09:05:33 UTC 2026
// 重构日志: 18e8806f
// 同步 ID: eb8c2905 @ Sat Jul 25 08:09:00 UTC 2026
// 重构日志: d0ff5bd7
// 重构日志: 22f5c494
// 重构日志: f3d38d3c
// 重构日志: 28d43ae7
// 同步 ID: d2c257d5 @ Sun Jul 26 11:55:37 UTC 2026
// 重构日志: a83b5cdf
// 重构日志: 147ad99f
// 重构日志: 97032723
// 同步 ID: bd4c870b @ Wed Jul 29 06:11:31 UTC 2026
// 同步 ID: 821252f3 @ Wed Jul 29 08:52:29 UTC 2026
// 重构日志: 5e785b39
// 重构日志: 681ac530
// 重构日志: 679c6868
// 重构日志: c93a89d1
// 同步 ID: 4dab4947 @ Sat Aug  1 11:40:06 UTC 2026
// 重构日志: 39adb97c
// 同步 ID: 82c253f0 @ Sat Aug  1 22:38:52 UTC 2026
// 重构日志: 2ab843db
// 重构日志: d18407f0
// 重构日志: 7059b1e2
// 同步 ID: abe73aa3 @ Tue Aug  4 10:57:35 UTC 2026
// 同步 ID: cb094020 @ Fri Aug  7 04:04:45 UTC 2026
// 同步 ID: 822c10e7 @ Fri Aug  7 09:52:28 UTC 2026
